00:00 +0: loading C:/Dev/hm/HM022_TheHustlers/test/widget_test.dart
flutter : lib/data/mo
dels/iot_device_model
.dart:3:6: Error: 
Error when reading 'l
ib/data/models/iot_de
vice_model.g.dart': 
The system cannot 
find the file 
specified.
At line:1 char:1
+ flutter test test/w
idget_test.dart > 
test_output.txt 
2>&1; Get-Conten ...
+ ~~~~~~~~~~~~~~~~~~~
~~~~~~~~~~~~~~~~~~~~~
~~~~~~~~~~~~~~~~~
    + CategoryInfo   
           : NotSpe  
  cified: (lib/dat   
 a/models...file     
specified.:Strin    
g) [], RemoteExc    
eption
    + FullyQualified 
   ErrorId : Native  
  CommandError
 

part 'iot_device_mode
l.g.dart';
     ^
lib/data/models/iot_a
lert_model.dart:3:6: 
Error: Error when 
reading 'lib/data/mod
els/iot_alert_model.g
.dart': The system 
cannot find the file 
specified.

part 'iot_alert_model
.g.dart';
     ^
lib/data/models/iot_r
eading_model.dart:3:6
: Error: Error when 
reading 'lib/data/mod
els/iot_reading_model
.g.dart': The system 
cannot find the file 
specified.

part 'iot_reading_mod
el.g.dart';
     ^
Error: Couldn't 
resolve the package 
'timeago' in 'package
:timeago/timeago.dart
'.
lib/presentation/widg
ets/iot_alert_tile.da
rt:3:8: Error: Not 
found: 'package:timea
go/timeago.dart'
import 'package:timea
go/timeago.dart' as 
timeago;
       ^
lib/data/models/iot_d
evice_model.dart:3:6:
 Error: Can't use 'li
b/data/models/iot_dev
ice_model.g.dart' as 
a part, because it 
has no 'part of' 
declaration.
part 'iot_device_mode
l.g.dart';
     ^
lib/data/models/iot_a
lert_model.dart:3:6: 
Error: Can't use 'lib
/data/models/iot_aler
t_model.g.dart' as a 
part, because it has 
no 'part of' 
declaration.
part 'iot_alert_model
.g.dart';
     ^
lib/data/models/iot_r
eading_model.dart:3:6
: Error: Can't use 'l
ib/data/models/iot_re
ading_model.g.dart' 
as a part, because 
it has no 'part of' 
declaration.
part 'iot_reading_mod
el.g.dart';
     ^
lib/data/local/hive_a
dapters.dart:65:29: 
Error: Method not 
found: 'IoTDeviceMode
lAdapter'.
       Hive.registerA
dapter(IoTDeviceModel
Adapter());
                     
       
^^^^^^^^^^^^^^^^^^^^^
lib/data/local/hive_a
dapters.dart:68:29: 
Error: Method not 
found: 'IoTAlertModel
Adapter'.
       Hive.registerA
dapter(IoTAlertModelA
dapter());
                     
       
^^^^^^^^^^^^^^^^^^^^
lib/data/local/hive_a
dapters.dart:71:29: 
Error: Method not 
found: 'IoTReadingMod
elAdapter'.
       Hive.registerA
dapter(IoTReadingMode
lAdapter());
                     
       ^^^^^^^^^^^^^^
^^^^^^^^
lib/presentation/widg
ets/iot_alert_tile.da
rt:51:17: Error: 
Method not found: 
'format'.
        timeago.forma
t(alert.timestamp),
                
^^^^^^
00:00 +0 -1: loading C:/Dev/hm/HM022_TheHustlers/test/widget_test.dart [E]
  Failed to load "C:/Dev/hm/HM022_TheHustlers/test/widget_test.dart":
  Compilation failed for testPath=C:/Dev/hm/HM022_TheHustlers/test/widget_test.dart: lib/data/models/iot_device_model.dart:3:6: Error: Error when reading 'lib/data/models/iot_device_model.g.dart': The system cannot find the file specified.
  
  part 'iot_device_model.g.dart';
       ^
  lib/data/models/iot_alert_model.dart:3:6: Error: Error when reading 'lib/data/models/iot_alert_model.g.dart': The system cannot find the file specified.
  
  part 'iot_alert_model.g.dart';
       ^
  lib/data/models/iot_reading_model.dart:3:6: Error: Error when reading 'lib/data/models/iot_reading_model.g.dart': The system cannot find the file specified.
  
  part 'iot_reading_model.g.dart';
       ^
  Error: Couldn't resolve the package 'timeago' in 'package:timeago/timeago.dart'.
  lib/presentation/widgets/iot_alert_tile.dart:3:8: Error: Not found: 'package:timeago/timeago.dart'
  import 'package:timeago/timeago.dart' as timeago;
         ^
  lib/data/models/iot_device_model.dart:3:6: Error: Can't use 'lib/data/models/iot_device_model.g.dart' as a part, because it has no 'part of' declaration.
  part 'iot_device_model.g.dart';
       ^
  lib/data/models/iot_alert_model.dart:3:6: Error: Can't use 'lib/data/models/iot_alert_model.g.dart' as a part, because it has no 'part of' declaration.
  part 'iot_alert_model.g.dart';
       ^
  lib/data/models/iot_reading_model.dart:3:6: Error: Can't use 'lib/data/models/iot_reading_model.g.dart' as a part, because it has no 'part of' declaration.
  part 'iot_reading_model.g.dart';
       ^
  lib/data/local/hive_adapters.dart:65:29: Error: Method not found: 'IoTDeviceModelAdapter'.
         Hive.registerAdapter(IoTDeviceModelAdapter());
                              ^^^^^^^^^^^^^^^^^^^^^
  lib/data/local/hive_adapters.dart:68:29: Error: Method not found: 'IoTAlertModelAdapter'.
         Hive.registerAdapter(IoTAlertModelAdapter());
                              ^^^^^^^^^^^^^^^^^^^^
  lib/data/local/hive_adapters.dart:71:29: Error: Method not found: 'IoTReadingModelAdapter'.
         Hive.registerAdapter(IoTReadingModelAdapter());
                              ^^^^^^^^^^^^^^^^^^^^^^
  lib/presentation/widgets/iot_alert_tile.dart:51:17: Error: Method not found: 'format'.
          timeago.format(alert.timestamp),
                  ^^^^^^
  .
00:00 +0 -1: Some tests failed.
